To honour the JVM settings for this build a single-use Daemon process will be forked. For more on this, please refer to https://docs.gradle.org/9.1.0/userguide/gradle_daemon.html#sec:disabling_the_daemon in the Gradle documentation.
Daemon will be stopped at the end of the build 

> Configure project :app
WARNING: The option setting 'android.disallowKotlinSourceSets=false' is experimental.
The current default is 'true'.

> Task :app:preBuild UP-TO-DATE
> Task :app:preDebugBuild UP-TO-DATE
> Task :app:mergeDebugNativeDebugMetadata NO-SOURCE
> Task :app:generateDebugResources UP-TO-DATE
> Task :app:processDebugGoogleServices UP-TO-DATE
> Task :app:packageDebugResources UP-TO-DATE
> Task :app:processDebugNavigationResources UP-TO-DATE
> Task :app:parseDebugLocalResources UP-TO-DATE
> Task :app:generateDebugRFile UP-TO-DATE
> Task :app:kspDebugKotlin UP-TO-DATE
> Task :app:javaPreCompileDebug UP-TO-DATE
> Task :app:generateDebugAssets UP-TO-DATE
> Task :app:mergeDebugAssets UP-TO-DATE
> Task :app:compressDebugAssets UP-TO-DATE
> Task :app:desugarDebugFileDependencies UP-TO-DATE
> Task :app:checkDebugAarMetadata UP-TO-DATE
> Task :app:compileDebugNavigationResources UP-TO-DATE
> Task :app:mapDebugSourceSetPaths UP-TO-DATE
> Task :app:mergeDebugResources UP-TO-DATE
> Task :app:createDebugCompatibleScreenManifests UP-TO-DATE
> Task :app:extractDeepLinksDebug UP-TO-DATE
> Task :app:processDebugMainManifest UP-TO-DATE
> Task :app:processDebugManifest UP-TO-DATE
> Task :app:processDebugManifestForPackage UP-TO-DATE
> Task :app:processDebugResources UP-TO-DATE
> Task :app:checkDebugDuplicateClasses UP-TO-DATE
> Task :app:mergeExtDexDebug UP-TO-DATE
> Task :app:mergeLibDexDebug UP-TO-DATE
> Task :app:mergeDebugJniLibFolders UP-TO-DATE
> Task :app:mergeDebugNativeLibs UP-TO-DATE
> Task :app:stripDebugDebugSymbols UP-TO-DATE
> Task :app:validateSigningDebug UP-TO-DATE
> Task :app:writeDebugAppMetadata UP-TO-DATE
> Task :app:writeDebugSigningConfigVersions UP-TO-DATE

> Task :app:compileDebugKotlin
.\gradlew : e: file:///C:/AndroidProjects/SafeX---Your-AI-powered-and-real-time-safety-expert/app/src/main/java/com/safex/app/ui/insights/InsightsScreen.kt:177:20 Unresolved reference 
'EducationSection'.
At line:1 char:1
+ .\gradlew assembleDebug --no-daemon > build_output.txt 2>&1
+ ~~~~~~~~~~~~~~~~~~~~~~~~~~~~~~~~~~~~~~~~~~~~~~~~~~~~~~~~~~~
    + CategoryInfo          : NotSpecified: (e: file:///C:/A...cationSection'.:String) [], RemoteException
    + FullyQualifiedErrorId : NativeCommandError
 
e: file:///C:/AndroidProjects/SafeX---Your-AI-powered-and-real-time-safety-expert/app/src/main/java/com/safex/app/ui/insights/InsightsScreen.kt:181:21 Unresolved reference 'NewsHeaderSection'.
e: file:///C:/AndroidProjects/SafeX---Your-AI-powered-and-real-time-safety-expert/app/src/main/java/com/safex/app/ui/insights/InsightsScreen.kt:219:25 Unresolved reference 'NewsArticleCard'.
e: file:///C:/AndroidProjects/SafeX---Your-AI-powered-and-real-time-safety-expert/app/src/main/java/com/safex/app/ui/insights/InsightsScreen.kt:237:16 Cannot infer type for this parameter. 
Specify it explicitly.
e: file:///C:/AndroidProjects/SafeX---Your-AI-powered-and-real-time-safety-expert/app/src/main/java/com/safex/app/ui/insights/InsightsScreen.kt:238:9 Unresolved reference 'Tip'.
e: file:///C:/AndroidProjects/SafeX---Your-AI-powered-and-real-time-safety-expert/app/src/main/java/com/safex/app/ui/insights/InsightsScreen.kt:239:9 Unresolved reference 'Tip'.
e: file:///C:/AndroidProjects/SafeX---Your-AI-powered-and-real-time-safety-expert/app/src/main/java/com/safex/app/ui/insights/InsightsScreen.kt:240:9 Unresolved reference 'Tip'.
e: file:///C:/AndroidProjects/SafeX---Your-AI-powered-and-real-time-safety-expert/app/src/main/java/com/safex/app/ui/insights/InsightsScreen.kt:241:9 Unresolved reference 'Tip'.
e: file:///C:/AndroidProjects/SafeX---Your-AI-powered-and-real-time-safety-expert/app/src/main/java/com/safex/app/ui/insights/InsightsScreen.kt:256:13 Cannot infer type for this parameter. 
Specify it explicitly.
e: file:///C:/AndroidProjects/SafeX---Your-AI-powered-and-real-time-safety-expert/app/src/main/java/com/safex/app/ui/insights/InsightsScreen.kt:256:13 Not enough information to infer type 
argument for 'T'.
e: file:///C:/AndroidProjects/SafeX---Your-AI-powered-and-real-time-safety-expert/app/src/main/java/com/safex/app/ui/insights/InsightsScreen.kt:256:27 Cannot infer type for this parameter. 
Specify it explicitly.
e: file:///C:/AndroidProjects/SafeX---Your-AI-powered-and-real-time-safety-expert/app/src/main/java/com/safex/app/ui/insights/InsightsScreen.kt:257:17 Unresolved reference 'TipCard'.
e: file:///C:/AndroidProjects/SafeX---Your-AI-powered-and-real-time-safety-expert/app/src/main/java/com/safex/app/ui/insights/InsightsScreen.kt:307:18 Unresolved reference 'Tip'.
e: file:///C:/AndroidProjects/SafeX---Your-AI-powered-and-real-time-safety-expert/app/src/main/java/com/safex/app/ui/insights/InsightsScreen.kt:315:22 Unresolved reference 'title'.
e: file:///C:/AndroidProjects/SafeX---Your-AI-powered-and-real-time-safety-expert/app/src/main/java/com/safex/app/ui/insights/InsightsScreen.kt:317:22 Unresolved reference 'content'.
e: file:///C:/AndroidProjects/SafeX---Your-AI-powered-and-real-time-safety-expert/app/src/main/java/com/safex/app/ui/insights/InsightsScreen.kt:375:51 Unresolved reference 'formatSeenDate'.
e: file:///C:/AndroidProjects/SafeX---Your-AI-powered-and-real-time-safety-expert/app/src/main/java/com/safex/app/ui/insights/InsightsScreen.kt:391:1 Modifier 'private' is not applicable to 
'local function'.
e: file:///C:/AndroidProjects/SafeX---Your-AI-powered-and-real-time-safety-expert/app/src/main/java/com/safex/app/ui/insights/InsightsScreen.kt:396:55 Syntax error: Expecting '}'.

> Task :app:compileDebugKotlin FAILED

FAILURE: Build failed with an exception.

* What went wrong:
Execution failed for task ':app:compileDebugKotlin'.
> A failure occurred while executing org.jetbrains.kotlin.compilerRunner.GradleCompilerRunnerWithWorkers$GradleKotlinCompilerWorkAction
   > Compilation error. See log for more details

* Try:
> Run with --stacktrace option to get the stack trace.
> Run with --info or --debug option to get more log output.
> Run with --scan to generate a Build Scan (Powered by Develocity).
> Get more help at https://help.gradle.org.

BUILD FAILED in 18s
31 actionable tasks: 1 executed, 30 up-to-date
